Archive member included to satisfy reference by file (symbol)

/opt/Atollic_TrueSTUDIO_for_STM32_x86_64_9.3.0/ARMTools/bin/../lib/gcc/arm-atollic-eabi/6.3.1/../../../../arm-atollic-eabi/lib/armv7e-m/fpu/libc_nano.a(lib_a-errno.o)
                              Src/syscalls.o (__errno)
/opt/Atollic_TrueSTUDIO_for_STM32_x86_64_9.3.0/ARMTools/bin/../lib/gcc/arm-atollic-eabi/6.3.1/../../../../arm-atollic-eabi/lib/armv7e-m/fpu/libc_nano.a(lib_a-impure.o)
                              /opt/Atollic_TrueSTUDIO_for_STM32_x86_64_9.3.0/ARMTools/bin/../lib/gcc/arm-atollic-eabi/6.3.1/../../../../arm-atollic-eabi/lib/armv7e-m/fpu/libc_nano.a(lib_a-errno.o) (_impure_ptr)
/opt/Atollic_TrueSTUDIO_for_STM32_x86_64_9.3.0/ARMTools/bin/../lib/gcc/arm-atollic-eabi/6.3.1/../../../../arm-atollic-eabi/lib/armv7e-m/fpu/libc_nano.a(lib_a-init.o)
                              startup/startup_stm32f407xx.o (__libc_init_array)
/opt/Atollic_TrueSTUDIO_for_STM32_x86_64_9.3.0/ARMTools/bin/../lib/gcc/arm-atollic-eabi/6.3.1/../../../../arm-atollic-eabi/lib/armv7e-m/fpu/libc_nano.a(lib_a-memset.o)
                              Src/gpio.o (memset)
/opt/Atollic_TrueSTUDIO_for_STM32_x86_64_9.3.0/ARMTools/bin/../lib/gcc/arm-atollic-eabi/6.3.1/../../../../arm-atollic-eabi/lib/armv7e-m/fpu/libc_nano.a(lib_a-strlen.o)
                              Src/spi.o (strlen)
/opt/Atollic_TrueSTUDIO_for_STM32_x86_64_9.3.0/ARMTools/bin/../lib/gcc/arm-atollic-eabi/6.3.1/armv7e-m/fpu/libgcc.a(_aeabi_uldivmod.o)
                              Drivers/STM32F4xx_HAL_Driver/Src/stm32f4xx_hal_rcc.o (__aeabi_uldivmod)
/opt/Atollic_TrueSTUDIO_for_STM32_x86_64_9.3.0/ARMTools/bin/../lib/gcc/arm-atollic-eabi/6.3.1/armv7e-m/fpu/libgcc.a(_udivmoddi4.o)
                              /opt/Atollic_TrueSTUDIO_for_STM32_x86_64_9.3.0/ARMTools/bin/../lib/gcc/arm-atollic-eabi/6.3.1/armv7e-m/fpu/libgcc.a(_aeabi_uldivmod.o) (__udivmoddi4)
/opt/Atollic_TrueSTUDIO_for_STM32_x86_64_9.3.0/ARMTools/bin/../lib/gcc/arm-atollic-eabi/6.3.1/armv7e-m/fpu/libgcc.a(_dvmd_tls.o)
                              /opt/Atollic_TrueSTUDIO_for_STM32_x86_64_9.3.0/ARMTools/bin/../lib/gcc/arm-atollic-eabi/6.3.1/armv7e-m/fpu/libgcc.a(_aeabi_uldivmod.o) (__aeabi_ldiv0)

Allocating common symbols
Common symbol       size              file

hspi2               0x58              Src/spi.o
uwTick              0x4               Drivers/STM32F4xx_HAL_Driver/Src/stm32f4xx_hal.o
pFlash              0x20              Drivers/STM32F4xx_HAL_Driver/Src/stm32f4xx_hal_flash.o
htim1               0x40              Src/tim.o

Discarded input sections

 .text          0x0000000000000000        0x0 /opt/Atollic_TrueSTUDIO_for_STM32_x86_64_9.3.0/ARMTools/bin/../lib/gcc/arm-atollic-eabi/6.3.1/armv7e-m/fpu/crti.o
 .data          0x0000000000000000        0x0 /opt/Atollic_TrueSTUDIO_for_STM32_x86_64_9.3.0/ARMTools/bin/../lib/gcc/arm-atollic-eabi/6.3.1/armv7e-m/fpu/crti.o
 .bss           0x0000000000000000        0x0 /opt/Atollic_TrueSTUDIO_for_STM32_x86_64_9.3.0/ARMTools/bin/../lib/gcc/arm-atollic-eabi/6.3.1/armv7e-m/fpu/crti.o
 .data          0x0000000000000000        0x4 /opt/Atollic_TrueSTUDIO_for_STM32_x86_64_9.3.0/ARMTools/bin/../lib/gcc/arm-atollic-eabi/6.3.1/armv7e-m/fpu/crtbegin.o
 .text          0x0000000000000000        0x0 Drivers/STM32F4xx_HAL_Driver/Src/stm32f4xx_hal.o
 .data          0x0000000000000000        0x0 Drivers/STM32F4xx_HAL_Driver/Src/stm32f4xx_hal.o
 .bss           0x0000000000000000        0x0 Drivers/STM32F4xx_HAL_Driver/Src/stm32f4xx_hal.o
 .text.HAL_MspInit
                0x0000000000000000        0x2 Drivers/STM32F4xx_HAL_Driver/Src/stm32f4xx_hal.o
 .text.HAL_MspDeInit
                0x0000000000000000        0x2 Drivers/STM32F4xx_HAL_Driver/Src/stm32f4xx_hal.o
 .text.HAL_DeInit
                0x0000000000000000       0x2c Drivers/STM32F4xx_HAL_Driver/Src/stm32f4xx_hal.o
 .text.HAL_GetTickPrio
                0x0000000000000000        0xc Drivers/STM32F4xx_HAL_Driver/Src/stm32f4xx_hal.o
 .text.HAL_SetTickFreq
                0x0000000000000000       0x24 Drivers/STM32F4xx_HAL_Driver/Src/stm32f4xx_hal.o
 .text.HAL_GetTickFreq
                0x0000000000000000        0xc Drivers/STM32F4xx_HAL_Driver/Src/stm32f4xx_hal.o
 .text.HAL_Delay
                0x0000000000000000       0x28 Drivers/STM32F4xx_HAL_Driver/Src/stm32f4xx_hal.o
 .text.HAL_SuspendTick
                0x0000000000000000       0x10 Drivers/STM32F4xx_HAL_Driver/Src/stm32f4xx_hal.o
 .text.HAL_ResumeTick
                0x0000000000000000       0x10 Drivers/STM32F4xx_HAL_Driver/Src/stm32f4xx_hal.o
 .text.HAL_GetHalVersion
                0x0000000000000000        0x8 Drivers/STM32F4xx_HAL_Driver/Src/stm32f4xx_hal.o
 .text.HAL_GetREVID
                0x0000000000000000        0xc Drivers/STM32F4xx_HAL_Driver/Src/stm32f4xx_hal.o
 .text.HAL_GetDEVID
                0x0000000000000000       0x10 Drivers/STM32F4xx_HAL_Driver/Src/stm32f4xx_hal.o
 .text.HAL_DBGMCU_EnableDBGSleepMode
[...]
Memory Configuration

Name             Origin             Length             Attributes
RAM              0x0000000020000000 0x0000000000020000 xrw
CCMRAM           0x0000000010000000 0x0000000000010000 rw
FLASH            0x0000000008000000 0x0000000000100000 xr
*default*        0x0000000000000000 0xffffffffffffffff

Linker script and memory map

LOAD /opt/Atollic_TrueSTUDIO_for_STM32_x86_64_9.3.0/ARMTools/bin/../lib/gcc/arm-atollic-eabi/6.3.1/armv7e-m/fpu/crti.o
LOAD /opt/Atollic_TrueSTUDIO_for_STM32_x86_64_9.3.0/ARMTools/bin/../lib/gcc/arm-atollic-eabi/6.3.1/armv7e-m/fpu/crtbegin.o
LOAD Drivers/STM32F4xx_HAL_Driver/Src/stm32f4xx_hal.o
LOAD Drivers/STM32F4xx_HAL_Driver/Src/stm32f4xx_hal_cortex.o
LOAD Drivers/STM32F4xx_HAL_Driver/Src/stm32f4xx_hal_dma.o
LOAD Drivers/STM32F4xx_HAL_Driver/Src/stm32f4xx_hal_dma_ex.o
LOAD Drivers/STM32F4xx_HAL_Driver/Src/stm32f4xx_hal_exti.o
LOAD Drivers/STM32F4xx_HAL_Driver/Src/stm32f4xx_hal_flash.o
LOAD Drivers/STM32F4xx_HAL_Driver/Src/stm32f4xx_hal_flash_ex.o
LOAD Drivers/STM32F4xx_HAL_Driver/Src/stm32f4xx_hal_flash_ramfunc.o
LOAD Drivers/STM32F4xx_HAL_Driver/Src/stm32f4xx_hal_gpio.o
LOAD Drivers/STM32F4xx_HAL_Driver/Src/stm32f4xx_hal_pwr.o
LOAD Drivers/STM32F4xx_HAL_Driver/Src/stm32f4xx_hal_pwr_ex.o
LOAD Drivers/STM32F4xx_HAL_Driver/Src/stm32f4xx_hal_rcc.o
LOAD Drivers/STM32F4xx_HAL_Driver/Src/stm32f4xx_hal_rcc_ex.o
LOAD Drivers/STM32F4xx_HAL_Driver/Src/stm32f4xx_hal_spi.o
LOAD Drivers/STM32F4xx_HAL_Driver/Src/stm32f4xx_hal_tim.o
LOAD Drivers/STM32F4xx_HAL_Driver/Src/stm32f4xx_hal_tim_ex.o
LOAD Src/gpio.o
LOAD Src/main.o
LOAD Src/spi.o
LOAD Src/stm32f4xx_hal_msp.o
LOAD Src/stm32f4xx_it.o
LOAD Src/sys.o
LOAD Src/syscalls.o
LOAD Src/system_stm32f4xx.o
LOAD Src/tim.o
LOAD startup/startup_stm32f407xx.o
                0x0000000000000080                malloc_getpagesize_P = 0x80
START GROUP
LOAD /opt/Atollic_TrueSTUDIO_for_STM32_x86_64_9.3.0/ARMTools/bin/../lib/gcc/arm-atollic-eabi/6.3.1/../../../../arm-atollic-eabi/lib/armv7e-m/fpu/libc_nano.a
LOAD /opt/Atollic_TrueSTUDIO_for_STM32_x86_64_9.3.0/ARMTools/bin/../lib/gcc/arm-atollic-eabi/6.3.1/../../../../arm-atollic-eabi/lib/armv7e-m/fpu/libm.a
END GROUP
START GROUP
LOAD /opt/Atollic_TrueSTUDIO_for_STM32_x86_64_9.3.0/ARMTools/bin/../lib/gcc/arm-atollic-eabi/6.3.1/armv7e-m/fpu/libgcc.a
LOAD /opt/Atollic_TrueSTUDIO_for_STM32_x86_64_9.3.0/ARMTools/bin/../lib/gcc/arm-atollic-eabi/6.3.1/../../../../arm-atollic-eabi/lib/armv7e-m/fpu/libc_nano.a
END GROUP
START GROUP
LOAD /opt/Atollic_TrueSTUDIO_for_STM32_x86_64_9.3.0/ARMTools/bin/../lib/gcc/arm-atollic-eabi/6.3.1/armv7e-m/fpu/libgcc.a
LOAD /opt/Atollic_TrueSTUDIO_for_STM32_x86_64_9.3.0/ARMTools/bin/../lib/gcc/arm-atollic-eabi/6.3.1/../../../../arm-atollic-eabi/lib/armv7e-m/fpu/libc_nano.a
LOAD /opt/Atollic_TrueSTUDIO_for_STM32_x86_64_9.3.0/ARMTools/bin/../lib/gcc/arm-atollic-eabi/6.3.1/../../../../arm-atollic-eabi/lib/armv7e-m/fpu/libnosys.a
END GROUP
START GROUP
LOAD /opt/Atollic_TrueSTUDIO_for_STM32_x86_64_9.3.0/ARMTools/bin/../lib/gcc/arm-atollic-eabi/6.3.1/armv7e-m/fpu/libgcc.a
LOAD /opt/Atollic_TrueSTUDIO_for_STM32_x86_64_9.3.0/ARMTools/bin/../lib/gcc/arm-atollic-eabi/6.3.1/../../../../arm-atollic-eabi/lib/armv7e-m/fpu/libc_nano.a
LOAD /opt/Atollic_TrueSTUDIO_for_STM32_x86_64_9.3.0/ARMTools/bin/../lib/gcc/arm-atollic-eabi/6.3.1/../../../../arm-atollic-eabi/lib/armv7e-m/fpu/libnosys.a
END GROUP
LOAD /opt/Atollic_TrueSTUDIO_for_STM32_x86_64_9.3.0/ARMTools/bin/../lib/gcc/arm-atollic-eabi/6.3.1/armv7e-m/fpu/crtend.o
LOAD /opt/Atollic_TrueSTUDIO_for_STM32_x86_64_9.3.0/ARMTools/bin/../lib/gcc/arm-atollic-eabi/6.3.1/armv7e-m/fpu/crtn.o
                0x0000000020020000                _estack = 0x20020000
                0x0000000000000200                _Min_Heap_Size = 0x200
                0x0000000000000400                _Min_Stack_Size = 0x400

.isr_vector     0x0000000008000000      0x188
                0x0000000008000000                . = ALIGN (0x4)
 *(.isr_vector)
 .isr_vector    0x0000000008000000      0x188 startup/startup_stm32f407xx.o
                0x0000000008000000                g_pfnVectors
                0x0000000008000188                . = ALIGN (0x4)

.text           0x0000000008000188     0x1a90
                0x0000000008000188                . = ALIGN (0x4)
 *(.text)
 .text          0x0000000008000188       0x40 /opt/Atollic_TrueSTUDIO_for_STM32_x86_64_9.3.0/ARMTools/bin/../lib/gcc/arm-atollic-eabi/6.3.1/armv7e-m/fpu/crtbegin.o
 .text          0x00000000080001c8       0x10 /opt/Atollic_TrueSTUDIO_for_STM32_x86_64_9.3.0/ARMTools/bin/../lib/gcc/arm-atollic-eabi/6.3.1/../../../../arm-atollic-eabi/lib/armv7e-m/fpu/libc_nano.a(lib_a-strlen.o)
                0x00000000080001c8                strlen
 .text          0x00000000080001d8       0x30 /opt/Atollic_TrueSTUDIO_for_STM32_x86_64_9.3.0/ARMTools/bin/../lib/gcc/arm-atollic-eabi/6.3.1/armv7e-m/fpu/libgcc.a(_aeabi_uldivmod.o)
                0x00000000080001d8                __aeabi_uldivmod
 .text          0x0000000008000208      0x2dc /opt/Atollic_TrueSTUDIO_for_STM32_x86_64_9.3.0/ARMTools/bin/../lib/gcc/arm-atollic-eabi/6.3.1/armv7e-m/fpu/libgcc.a(_udivmoddi4.o)
                0x0000000008000208                __udivmoddi4
 .text          0x00000000080004e4        0x4 /opt/Atollic_TrueSTUDIO_for_STM32_x86_64_9.3.0/ARMTools/bin/../lib/gcc/arm-atollic-eabi/6.3.1/armv7e-m/fpu/libgcc.a(_dvmd_tls.o)
                0x00000000080004e4                __aeabi_ldiv0
                0x00000000080004e4                __aeabi_idiv0
 *(.text*)
 .text.HAL_InitTick
                0x00000000080004e8       0x48 Drivers/STM32F4xx_HAL_Driver/Src/stm32f4xx_hal.o
                0x00000000080004e8                HAL_InitTick
 .text.HAL_Init
                0x0000000008000530       0x34 Drivers/STM32F4xx_HAL_Driver/Src/stm32f4xx_hal.o
                0x0000000008000530                HAL_Init
 .text.HAL_IncTick
                0x0000000008000564       0x18 Drivers/STM32F4xx_HAL_Driver/Src/stm32f4xx_hal.o
                0x0000000008000564                HAL_IncTick
 .text.HAL_GetTick
                0x000000000800057c        0xc Drivers/STM32F4xx_HAL_Driver/Src/stm32f4xx_hal.o
                0x000000000800057c                HAL_GetTick
 .text.HAL_NVIC_SetPriorityGrouping
                0x0000000008000588       0x24 Drivers/STM32F4xx_HAL_Driver/Src/stm32f4xx_hal_cortex.o
                0x0000000008000588                HAL_NVIC_SetPriorityGrouping
 .text.HAL_NVIC_SetPriority
                0x00000000080005ac       0x68 Drivers/STM32F4xx_HAL_Driver/Src/stm32f4xx_hal_cortex.o
                0x00000000080005ac                HAL_NVIC_SetPriority
 .text.HAL_SYSTICK_Config
                0x0000000008000614       0x2c Drivers/STM32F4xx_HAL_Driver/Src/stm32f4xx_hal_cortex.o
                0x0000000008000614                HAL_SYSTICK_Config
 .text.HAL_GPIO_Init
                0x0000000008000640      0x1c0 Drivers/STM32F4xx_HAL_Driver/Src/stm32f4xx_hal_gpio.o
                0x0000000008000640                HAL_GPIO_Init
 .text.HAL_GPIO_WritePin
                0x0000000008000800        0xa Drivers/STM32F4xx_HAL_Driver/Src/stm32f4xx_hal_gpio.o
                0x0000000008000800                HAL_GPIO_WritePin
 *fill*         0x000000000800080a        0x2 
 .text.HAL_RCC_OscConfig
                0x000000000800080c      0x304 Drivers/STM32F4xx_HAL_Driver/Src/stm32f4xx_hal_rcc.o
                0x000000000800080c                HAL_RCC_OscConfig
 .text.HAL_RCC_GetSysClockFreq
                0x0000000008000b10       0x5c Drivers/STM32F4xx_HAL_Driver/Src/stm32f4xx_hal_rcc.o
                0x0000000008000b10                HAL_RCC_GetSysClockFreq
 .text.HAL_RCC_ClockConfig
                0x0000000008000b6c      0x134 Drivers/STM32F4xx_HAL_Driver/Src/stm32f4xx_hal_rcc.o
                0x0000000008000b6c                HAL_RCC_ClockConfig
 .text.SPI_WaitFlagStateUntilTimeout.constprop.9
                0x0000000008000ca0       0x76 Drivers/STM32F4xx_HAL_Driver/Src/stm32f4xx_hal_spi.o
 *fill*         0x0000000008000d16        0x2 
 .text.SPI_EndRxTxTransaction
                0x0000000008000d18       0x5c Drivers/STM32F4xx_HAL_Driver/Src/stm32f4xx_hal_spi.o
 .text.HAL_SPI_Init
                0x0000000008000d74       0x7a Drivers/STM32F4xx_HAL_Driver/Src/stm32f4xx_hal_spi.o
                0x0000000008000d74                HAL_SPI_Init
 .text.HAL_SPI_Transmit
                0x0000000008000dee      0x150 Drivers/STM32F4xx_HAL_Driver/Src/stm32f4xx_hal_spi.o
                0x0000000008000dee                HAL_SPI_Transmit
 *fill*         0x0000000008000f3e        0x2 
 .text.TIM_Base_SetConfig
                0x0000000008000f40       0xcc Drivers/STM32F4xx_HAL_Driver/Src/stm32f4xx_hal_tim.o
                0x0000000008000f40                TIM_Base_SetConfig
 .text.HAL_TIM_Base_Init
                0x000000000800100c       0x34 Drivers/STM32F4xx_HAL_Driver/Src/stm32f4xx_hal_tim.o
                0x000000000800100c                HAL_TIM_Base_Init
 .text.TIM_ETR_SetConfig
                0x0000000008001040       0x14 Drivers/STM32F4xx_HAL_Driver/Src/stm32f4xx_hal_tim.o
                0x0000000008001040                TIM_ETR_SetConfig
 .text.TIM_SlaveTimer_SetConfig
                0x0000000008001054       0xa4 Drivers/STM32F4xx_HAL_Driver/Src/stm32f4xx_hal_tim.o
 .text.HAL_TIM_SlaveConfigSynchro
                0x00000000080010f8       0x4e Drivers/STM32F4xx_HAL_Driver/Src/stm32f4xx_hal_tim.o
                0x00000000080010f8                HAL_TIM_SlaveConfigSynchro
 .text.HAL_TIMEx_MasterConfigSynchronization
                0x0000000008001146       0x3c Drivers/STM32F4xx_HAL_Driver/Src/stm32f4xx_hal_tim_ex.o
                0x0000000008001146                HAL_TIMEx_MasterConfigSynchronization
 *fill*         0x0000000008001182        0x2 
 .text.MX_GPIO_Init
                0x0000000008001184      0x108 Src/gpio.o
                0x0000000008001184                MX_GPIO_Init
 .text.SystemClock_Config
                0x000000000800128c       0x90 Src/main.o
                0x000000000800128c                SystemClock_Config
 .text.startup.main
                0x000000000800131c       0x40 Src/main.o
                0x000000000800131c                main
 .text.Error_Handler
                0x000000000800135c        0x2 Src/main.o
                0x000000000800135c                Error_Handler
 .text.delay_nops
                0x000000000800135e        0xe Src/spi.o
                0x000000000800135e                delay_nops
 .text.generate_spi_clock_pulse
                0x000000000800136c       0xa8 Src/spi.o
                0x000000000800136c                generate_spi_clock_pulse
 .text.initialize_lcd
                0x0000000008001414      0x318 Src/spi.o
                0x0000000008001414                initialize_lcd
 .text.write_to_lcd
                0x000000000800172c      0x1dc Src/spi.o
                0x000000000800172c                write_to_lcd
 .text.MX_SPI2_Init
                0x0000000008001908       0x48 Src/spi.o
                0x0000000008001908                MX_SPI2_Init
 .text.HAL_SPI_MspInit
                0x0000000008001950       0x98 Src/spi.o
                0x0000000008001950                HAL_SPI_MspInit
 .text.HAL_MspInit
                0x00000000080019e8       0x38 Src/stm32f4xx_hal_msp.o
                0x00000000080019e8                HAL_MspInit
 .text.NMI_Handler
                0x0000000008001a20        0x2 Src/stm32f4xx_it.o
                0x0000000008001a20                NMI_Handler
 .text.HardFault_Handler
                0x0000000008001a22        0x2 Src/stm32f4xx_it.o
                0x0000000008001a22                HardFault_Handler
 .text.MemManage_Handler
                0x0000000008001a24        0x2 Src/stm32f4xx_it.o
                0x0000000008001a24                MemManage_Handler
 .text.BusFault_Handler
                0x0000000008001a26        0x2 Src/stm32f4xx_it.o
                0x0000000008001a26                BusFault_Handler
 .text.UsageFault_Handler
                0x0000000008001a28        0x2 Src/stm32f4xx_it.o
                0x0000000008001a28                UsageFault_Handler
 .text.SVC_Handler
                0x0000000008001a2a        0x2 Src/stm32f4xx_it.o
                0x0000000008001a2a                SVC_Handler
 .text.DebugMon_Handler
                0x0000000008001a2c        0x2 Src/stm32f4xx_it.o
                0x0000000008001a2c                DebugMon_Handler
 .text.PendSV_Handler
                0x0000000008001a2e        0x2 Src/stm32f4xx_it.o
                0x0000000008001a2e                PendSV_Handler
 .text.SysTick_Handler
                0x0000000008001a30        0x4 Src/stm32f4xx_it.o
                0x0000000008001a30                SysTick_Handler
 .text.SystemInit
                0x0000000008001a34       0x4c Src/system_stm32f4xx.o
                0x0000000008001a34                SystemInit
 .text.MX_TIM1_Init
                0x0000000008001a80       0x6c Src/tim.o
                0x0000000008001a80                MX_TIM1_Init
 .text.HAL_TIM_Base_MspInit
                0x0000000008001aec       0x68 Src/tim.o
                0x0000000008001aec                HAL_TIM_Base_MspInit
 .text.Reset_Handler
                0x0000000008001b54       0x50 startup/startup_stm32f407xx.o
                0x0000000008001b54                Reset_Handler
 .text.Default_Handler
                0x0000000008001ba4        0x2 startup/startup_stm32f407xx.o
                0x0000000008001ba4                RTC_Alarm_IRQHandler
                0x0000000008001ba4                HASH_RNG_IRQHandler
                0x0000000008001ba4                EXTI2_IRQHandler
                0x0000000008001ba4                TIM8_CC_IRQHandler
                0x0000000008001ba4                TIM1_CC_IRQHandler
                0x0000000008001ba4                DMA2_Stream5_IRQHandler
                0x0000000008001ba4                DMA1_Stream5_IRQHandler
                0x0000000008001ba4                PVD_IRQHandler
                0x0000000008001ba4                SDIO_IRQHandler
                0x0000000008001ba4                TAMP_STAMP_IRQHandler
                0x0000000008001ba4                CAN2_RX1_IRQHandler
                0x0000000008001ba4                EXTI3_IRQHandler
                0x0000000008001ba4                TIM8_TRG_COM_TIM14_IRQHandler
                0x0000000008001ba4                TIM1_UP_TIM10_IRQHandler
                0x0000000008001ba4                TIM8_UP_TIM13_IRQHandler
                0x0000000008001ba4                I2C3_ER_IRQHandler
                0x0000000008001ba4                EXTI0_IRQHandler
                0x0000000008001ba4                I2C2_EV_IRQHandler
                0x0000000008001ba4                DMA1_Stream2_IRQHandler
                0x0000000008001ba4                CAN1_RX0_IRQHandler
                0x0000000008001ba4                FPU_IRQHandler
                0x0000000008001ba4                OTG_HS_WKUP_IRQHandler
                0x0000000008001ba4                CAN2_SCE_IRQHandler
                0x0000000008001ba4                DMA2_Stream2_IRQHandler
                0x0000000008001ba4                SPI1_IRQHandler
                0x0000000008001ba4                TIM6_DAC_IRQHandler
                0x0000000008001ba4                TIM1_BRK_TIM9_IRQHandler
                0x0000000008001ba4                DCMI_IRQHandler
                0x0000000008001ba4                CAN2_RX0_IRQHandler
                0x0000000008001ba4                DMA2_Stream3_IRQHandler
                0x0000000008001ba4                USART6_IRQHandler
                0x0000000008001ba4                USART3_IRQHandler
                0x0000000008001ba4                CAN1_RX1_IRQHandler
                0x0000000008001ba4                UART5_IRQHandler
                0x0000000008001ba4                DMA2_Stream0_IRQHandler
                0x0000000008001ba4                TIM4_IRQHandler
                0x0000000008001ba4                I2C1_EV_IRQHandler
                0x0000000008001ba4                DMA1_Stream6_IRQHandler
                0x0000000008001ba4                DMA1_Stream1_IRQHandler
                0x0000000008001ba4                UART4_IRQHandler
                0x0000000008001ba4                TIM3_IRQHandler
                0x0000000008001ba4                RCC_IRQHandler
                0x0000000008001ba4                TIM8_BRK_TIM12_IRQHandler
                0x0000000008001ba4                Default_Handler
                0x0000000008001ba4                EXTI15_10_IRQHandler
                0x0000000008001ba4                ADC_IRQHandler
                0x0000000008001ba4                DMA1_Stream7_IRQHandler
                0x0000000008001ba4                TIM7_IRQHandler
                0x0000000008001ba4                CAN2_TX_IRQHandler
                0x0000000008001ba4                TIM5_IRQHandler
                0x0000000008001ba4                DMA2_Stream7_IRQHandler
                0x0000000008001ba4                I2C3_EV_IRQHandler
                0x0000000008001ba4                EXTI9_5_IRQHandler
                0x0000000008001ba4                RTC_WKUP_IRQHandler
                0x0000000008001ba4                ETH_WKUP_IRQHandler
                0x0000000008001ba4                SPI2_IRQHandler
                0x0000000008001ba4                OTG_HS_EP1_IN_IRQHandler
                0x0000000008001ba4                DMA1_Stream0_IRQHandler
                0x0000000008001ba4                CAN1_TX_IRQHandler
                0x0000000008001ba4                EXTI4_IRQHandler
                0x0000000008001ba4                FSMC_IRQHandler
                0x0000000008001ba4                ETH_IRQHandler
                0x0000000008001ba4                OTG_HS_EP1_OUT_IRQHandler
                0x0000000008001ba4                WWDG_IRQHandler
                0x0000000008001ba4                TIM2_IRQHandler
                0x0000000008001ba4                OTG_FS_WKUP_IRQHandler
                0x0000000008001ba4                TIM1_TRG_COM_TIM11_IRQHandler
                0x0000000008001ba4                OTG_HS_IRQHandler
                0x0000000008001ba4                EXTI1_IRQHandler
                0x0000000008001ba4                USART2_IRQHandler
                0x0000000008001ba4                I2C2_ER_IRQHandler
                0x0000000008001ba4                DMA2_Stream1_IRQHandler
                0x0000000008001ba4                CAN1_SCE_IRQHandler
                0x0000000008001ba4                FLASH_IRQHandler
                0x0000000008001ba4                DMA2_Stream4_IRQHandler
                0x0000000008001ba4                USART1_IRQHandler
                0x0000000008001ba4                OTG_FS_IRQHandler
                0x0000000008001ba4                SPI3_IRQHandler
                0x0000000008001ba4                DMA1_Stream4_IRQHandler
                0x0000000008001ba4                I2C1_ER_IRQHandler
                0x0000000008001ba4                DMA2_Stream6_IRQHandler
                0x0000000008001ba4                DMA1_Stream3_IRQHandler
 *fill*         0x0000000008001ba6        0x2 
 .text.__libc_init_array
                0x0000000008001ba8       0x48 /opt/Atollic_TrueSTUDIO_for_STM32_x86_64_9.3.0/ARMTools/bin/../lib/gcc/arm-atollic-eabi/6.3.1/../../../../arm-atollic-eabi/lib/armv7e-m/fpu/libc_nano.a(lib_a-init.o)
                0x0000000008001ba8                __libc_init_array
 .text.memset   0x0000000008001bf0       0x10 /opt/Atollic_TrueSTUDIO_for_STM32_x86_64_9.3.0/ARMTools/bin/../lib/gcc/arm-atollic-eabi/6.3.1/../../../../arm-atollic-eabi/lib/armv7e-m/fpu/libc_nano.a(lib_a-memset.o)
                0x0000000008001bf0                memset
 *(.glue_7)
 .glue_7        0x0000000008001c00        0x0 linker stubs
 *(.glue_7t)
 .glue_7t       0x0000000008001c00        0x0 linker stubs
 *(.eh_frame)
 .eh_frame      0x0000000008001c00        0x0 /opt/Atollic_TrueSTUDIO_for_STM32_x86_64_9.3.0/ARMTools/bin/../lib/gcc/arm-atollic-eabi/6.3.1/armv7e-m/fpu/crtbegin.o
 *(.init)
 .init          0x0000000008001c00        0x4 /opt/Atollic_TrueSTUDIO_for_STM32_x86_64_9.3.0/ARMTools/bin/../lib/gcc/arm-atollic-eabi/6.3.1/armv7e-m/fpu/crti.o
                0x0000000008001c00                _init
 .init          0x0000000008001c04        0x8 /opt/Atollic_TrueSTUDIO_for_STM32_x86_64_9.3.0/ARMTools/bin/../lib/gcc/arm-atollic-eabi/6.3.1/armv7e-m/fpu/crtn.o
 *(.fini)
 .fini          0x0000000008001c0c        0x4 /opt/Atollic_TrueSTUDIO_for_STM32_x86_64_9.3.0/ARMTools/bin/../lib/gcc/arm-atollic-eabi/6.3.1/armv7e-m/fpu/crti.o
                0x0000000008001c0c                _fini
 .fini          0x0000000008001c10        0x8 /opt/Atollic_TrueSTUDIO_for_STM32_x86_64_9.3.0/ARMTools/bin/../lib/gcc/arm-atollic-eabi/6.3.1/armv7e-m/fpu/crtn.o
                0x0000000008001c18                . = ALIGN (0x4)
                0x0000000008001c18                _etext = .

.vfp11_veneer   0x0000000008001c18        0x0
 .vfp11_veneer  0x0000000008001c18        0x0 linker stubs

.v4_bx          0x0000000008001c18        0x0
 .v4_bx         0x0000000008001c18        0x0 linker stubs

.iplt           0x0000000008001c18        0x0
 .iplt          0x0000000008001c18        0x0 /opt/Atollic_TrueSTUDIO_for_STM32_x86_64_9.3.0/ARMTools/bin/../lib/gcc/arm-atollic-eabi/6.3.1/armv7e-m/fpu/crtbegin.o

.rodata         0x0000000008001c18       0x1c
                0x0000000008001c18                . = ALIGN (0x4)
 *(.rodata)
 *(.rodata*)
 .rodata.CSWTCH.10
                0x0000000008001c18        0xa Src/spi.o
 .rodata.AHBPrescTable
                0x0000000008001c22       0x10 Src/system_stm32f4xx.o
                0x0000000008001c22                AHBPrescTable
                0x0000000008001c34                . = ALIGN (0x4)
 *fill*         0x0000000008001c32        0x2 

.ARM.extab
 *(.ARM.extab* .gnu.linkonce.armextab.*)

.ARM            0x0000000008001c34        0x8
                0x0000000008001c34                __exidx_start = .
 *(.ARM.exidx*)
 .ARM.exidx     0x0000000008001c34        0x8 /opt/Atollic_TrueSTUDIO_for_STM32_x86_64_9.3.0/ARMTools/bin/../lib/gcc/arm-atollic-eabi/6.3.1/armv7e-m/fpu/libgcc.a(_udivmoddi4.o)
                0x0000000008001c3c                __exidx_end = .

.rel.dyn        0x0000000008001c3c        0x0
 .rel.iplt      0x0000000008001c3c        0x0 /opt/Atollic_TrueSTUDIO_for_STM32_x86_64_9.3.0/ARMTools/bin/../lib/gcc/arm-atollic-eabi/6.3.1/armv7e-m/fpu/crtbegin.o

.preinit_array  0x0000000008001c3c        0x0
                0x0000000008001c3c                PROVIDE (__preinit_array_start, .)
 *(.preinit_array*)
                0x0000000008001c3c                PROVIDE (__preinit_array_end, .)

.init_array     0x0000000008001c3c        0x4
                0x0000000008001c3c                PROVIDE (__init_array_start, .)
 *(SORT(.init_array.*))
 *(.init_array*)
 .init_array    0x0000000008001c3c        0x4 /opt/Atollic_TrueSTUDIO_for_STM32_x86_64_9.3.0/ARMTools/bin/../lib/gcc/arm-atollic-eabi/6.3.1/armv7e-m/fpu/crtbegin.o
                0x0000000008001c40                PROVIDE (__init_array_end, .)

.fini_array     0x0000000008001c40        0x4
                [!provide]                        PROVIDE (__fini_array_start, .)
 *(SORT(.fini_array.*))
 *(.fini_array*)
 .fini_array    0x0000000008001c40        0x4 /opt/Atollic_TrueSTUDIO_for_STM32_x86_64_9.3.0/ARMTools/bin/../lib/gcc/arm-atollic-eabi/6.3.1/armv7e-m/fpu/crtbegin.o
                [!provide]                        PROVIDE (__fini_array_end, .)
                0x0000000008001c44                _sidata = LOADADDR (.data)

.data           0x0000000020000000        0xc load address 0x0000000008001c44
                0x0000000020000000                . = ALIGN (0x4)
                0x0000000020000000                _sdata = .
 *(.data)
 *(.data*)
 .data.uwTickFreq
                0x0000000020000000        0x1 Drivers/STM32F4xx_HAL_Driver/Src/stm32f4xx_hal.o
                0x0000000020000000                uwTickFreq
 *fill*         0x0000000020000001        0x3 
 .data.uwTickPrio
                0x0000000020000004        0x4 Drivers/STM32F4xx_HAL_Driver/Src/stm32f4xx_hal.o
                0x0000000020000004                uwTickPrio
 .data.SystemCoreClock
                0x0000000020000008        0x4 Src/system_stm32f4xx.o
                0x0000000020000008                SystemCoreClock
                0x000000002000000c                . = ALIGN (0x4)
                0x000000002000000c                _edata = .
                0x0000000008001c50                _siccmram = LOADADDR (.ccmram)

.igot.plt       0x000000002000000c        0x0 load address 0x0000000008001c50
 .igot.plt      0x000000002000000c        0x0 /opt/Atollic_TrueSTUDIO_for_STM32_x86_64_9.3.0/ARMTools/bin/../lib/gcc/arm-atollic-eabi/6.3.1/armv7e-m/fpu/crtbegin.o

.ccmram         0x0000000010000000        0x0 load address 0x0000000008001c50
                0x0000000010000000                . = ALIGN (0x4)
                0x0000000010000000                _sccmram = .
 *(.ccmram)
 *(.ccmram*)
                0x0000000010000000                . = ALIGN (0x4)
                0x0000000010000000                _eccmram = .
                0x0000000010000000                . = ALIGN (0x4)

.bss            0x000000002000000c       0xb8
                0x000000002000000c                _sbss = .
                0x000000002000000c                __bss_start__ = _sbss
 *(.bss)
 .bss           0x000000002000000c       0x1c /opt/Atollic_TrueSTUDIO_for_STM32_x86_64_9.3.0/ARMTools/bin/../lib/gcc/arm-atollic-eabi/6.3.1/armv7e-m/fpu/crtbegin.o
 *(.bss*)
 *(COMMON)
 COMMON         0x0000000020000028        0x4 Drivers/STM32F4xx_HAL_Driver/Src/stm32f4xx_hal.o
                0x0000000020000028                uwTick
 COMMON         0x000000002000002c       0x58 Src/spi.o
                0x000000002000002c                hspi2
 COMMON         0x0000000020000084       0x40 Src/tim.o
                0x0000000020000084                htim1
                0x00000000200000c4                . = ALIGN (0x4)
                0x00000000200000c4                _ebss = .
                0x00000000200000c4                __bss_end__ = _ebss

._user_heap_stack
                0x00000000200000c4      0x600
                0x00000000200000c4                . = ALIGN (0x4)
                0x00000000200000c4                PROVIDE (end, .)
                [!provide]                        PROVIDE (_end, .)
                0x00000000200002c4                . = (. + _Min_Heap_Size)
 *fill*         0x00000000200000c4      0x200 
                0x00000000200006c4                . = (. + _Min_Stack_Size)
 *fill*         0x00000000200002c4      0x400 
                0x00000000200006c4                . = ALIGN (0x4)

/DISCARD/
 libc.a(*)
 libm.a(*)
 libgcc.a(*)

.ARM.attributes
                0x0000000000000000       0x30
 *(.ARM.attributes)
 .ARM.attributes
                0x0000000000000000       0x22 /opt/Atollic_TrueSTUDIO_for_STM32_x86_64_9.3.0/ARMTools/bin/../lib/gcc/arm-atollic-eabi/6.3.1/armv7e-m/fpu/crti.o
 .ARM.attributes
                0x0000000000000022       0x34 /opt/Atollic_TrueSTUDIO_for_STM32_x86_64_9.3.0/ARMTools/bin/../lib/gcc/arm-atollic-eabi/6.3.1/armv7e-m/fpu/crtbegin.o
 .ARM.attributes
                0x0000000000000056       0x39 Drivers/STM32F4xx_HAL_Driver/Src/stm32f4xx_hal.o
 .ARM.attributes
                0x000000000000008f       0x39 Drivers/STM32F4xx_HAL_Driver/Src/stm32f4xx_hal_cortex.o
 .ARM.attributes
                0x00000000000000c8       0x39 Drivers/STM32F4xx_HAL_Driver/Src/stm32f4xx_hal_gpio.o
 .ARM.attributes
                0x0000000000000101       0x39 Drivers/STM32F4xx_HAL_Driver/Src/stm32f4xx_hal_rcc.o
 .ARM.attributes
                0x000000000000013a       0x39 Drivers/STM32F4xx_HAL_Driver/Src/stm32f4xx_hal_spi.o
 .ARM.attributes
                0x0000000000000173       0x39 Drivers/STM32F4xx_HAL_Driver/Src/stm32f4xx_hal_tim.o
 .ARM.attributes
                0x00000000000001ac       0x39 Drivers/STM32F4xx_HAL_Driver/Src/stm32f4xx_hal_tim_ex.o
 .ARM.attributes
                0x00000000000001e5       0x39 Src/gpio.o
 .ARM.attributes
                0x000000000000021e       0x39 Src/main.o
 .ARM.attributes
                0x0000000000000257       0x39 Src/spi.o
 .ARM.attributes
                0x0000000000000290       0x39 Src/stm32f4xx_hal_msp.o
 .ARM.attributes
                0x00000000000002c9       0x39 Src/stm32f4xx_it.o
 .ARM.attributes
                0x0000000000000302       0x39 Src/system_stm32f4xx.o
 .ARM.attributes
                0x000000000000033b       0x39 Src/tim.o
 .ARM.attributes
                0x0000000000000374       0x21 startup/startup_stm32f407xx.o
 .ARM.attributes
                0x0000000000000395       0x34 /opt/Atollic_TrueSTUDIO_for_STM32_x86_64_9.3.0/ARMTools/bin/../lib/gcc/arm-atollic-eabi/6.3.1/../../../../arm-atollic-eabi/lib/armv7e-m/fpu/libc_nano.a(lib_a-init.o)
 .ARM.attributes
                0x00000000000003c9       0x34 /opt/Atollic_TrueSTUDIO_for_STM32_x86_64_9.3.0/ARMTools/bin/../lib/gcc/arm-atollic-eabi/6.3.1/../../../../arm-atollic-eabi/lib/armv7e-m/fpu/libc_nano.a(lib_a-memset.o)
 .ARM.attributes
                0x00000000000003fd       0x1b /opt/Atollic_TrueSTUDIO_for_STM32_x86_64_9.3.0/ARMTools/bin/../lib/gcc/arm-atollic-eabi/6.3.1/../../../../arm-atollic-eabi/lib/armv7e-m/fpu/libc_nano.a(lib_a-strlen.o)
 .ARM.attributes
                0x0000000000000418       0x22 /opt/Atollic_TrueSTUDIO_for_STM32_x86_64_9.3.0/ARMTools/bin/../lib/gcc/arm-atollic-eabi/6.3.1/armv7e-m/fpu/libgcc.a(_aeabi_uldivmod.o)
 .ARM.attributes
                0x000000000000043a       0x34 /opt/Atollic_TrueSTUDIO_for_STM32_x86_64_9.3.0/ARMTools/bin/../lib/gcc/arm-atollic-eabi/6.3.1/armv7e-m/fpu/libgcc.a(_udivmoddi4.o)
 .ARM.attributes
                0x000000000000046e       0x22 /opt/Atollic_TrueSTUDIO_for_STM32_x86_64_9.3.0/ARMTools/bin/../lib/gcc/arm-atollic-eabi/6.3.1/armv7e-m/fpu/libgcc.a(_dvmd_tls.o)
 .ARM.attributes
                0x0000000000000490       0x22 /opt/Atollic_TrueSTUDIO_for_STM32_x86_64_9.3.0/ARMTools/bin/../lib/gcc/arm-atollic-eabi/6.3.1/armv7e-m/fpu/crtn.o
OUTPUT(sx3_tach.elf elf32-littlearm)

.debug_info     0x0000000000000000     0xd1e2
 .debug_info    0x0000000000000000      0x9ef Drivers/STM32F4xx_HAL_Driver/Src/stm32f4xx_hal.o
 .debug_info    0x00000000000009ef      0xf39 Drivers/STM32F4xx_HAL_Driver/Src/stm32f4xx_hal_cortex.o
 .debug_info    0x0000000000001928      0x775 Drivers/STM32F4xx_HAL_Driver/Src/stm32f4xx_hal_gpio.o
 .debug_info    0x000000000000209d      0xa57 Drivers/STM32F4xx_HAL_Driver/Src/stm32f4xx_hal_rcc.o
 .debug_info    0x0000000000002af4     0x1d9a Drivers/STM32F4xx_HAL_Driver/Src/stm32f4xx_hal_spi.o
 .debug_info    0x000000000000488e     0x34cf Drivers/STM32F4xx_HAL_Driver/Src/stm32f4xx_hal_tim.o
 .debug_info    0x0000000000007d5d     0x12fe Drivers/STM32F4xx_HAL_Driver/Src/stm32f4xx_hal_tim_ex.o
 .debug_info    0x000000000000905b      0x594 Src/gpio.o
 .debug_info    0x00000000000095ef      0xd65 Src/main.o
 .debug_info    0x000000000000a354     0x190c Src/spi.o
 .debug_info    0x000000000000bc60      0x313 Src/stm32f4xx_hal_msp.o
 .debug_info    0x000000000000bf73      0x1b7 Src/stm32f4xx_it.o
 .debug_info    0x000000000000c12a      0x50a Src/system_stm32f4xx.o
 .debug_info    0x000000000000c634      0xb3a Src/tim.o
 .debug_info    0x000000000000d16e       0x74 startup/startup_stm32f407xx.o

.debug_abbrev   0x0000000000000000     0x1e53
 .debug_abbrev  0x0000000000000000      0x23d Drivers/STM32F4xx_HAL_Driver/Src/stm32f4xx_hal.o
 .debug_abbrev  0x000000000000023d      0x314 Drivers/STM32F4xx_HAL_Driver/Src/stm32f4xx_hal_cortex.o
 .debug_abbrev  0x0000000000000551      0x1ef Drivers/STM32F4xx_HAL_Driver/Src/stm32f4xx_hal_gpio.o
 .debug_abbrev  0x0000000000000740      0x2cb Drivers/STM32F4xx_HAL_Driver/Src/stm32f4xx_hal_rcc.o
 .debug_abbrev  0x0000000000000a0b      0x335 Drivers/STM32F4xx_HAL_Driver/Src/stm32f4xx_hal_spi.o
 .debug_abbrev  0x0000000000000d40      0x324 Drivers/STM32F4xx_HAL_Driver/Src/stm32f4xx_hal_tim.o
 .debug_abbrev  0x0000000000001064      0x29c Drivers/STM32F4xx_HAL_Driver/Src/stm32f4xx_hal_tim_ex.o
 .debug_abbrev  0x0000000000001300      0x173 Src/gpio.o
 .debug_abbrev  0x0000000000001473      0x219 Src/main.o
 .debug_abbrev  0x000000000000168c      0x2ca Src/spi.o
 .debug_abbrev  0x0000000000001956       0xec Src/stm32f4xx_hal_msp.o
 .debug_abbrev  0x0000000000001a42       0xfa Src/stm32f4xx_it.o
 .debug_abbrev  0x0000000000001b3c      0x10e Src/system_stm32f4xx.o
 .debug_abbrev  0x0000000000001c4a      0x1f7 Src/tim.o
 .debug_abbrev  0x0000000000001e41       0x12 startup/startup_stm32f407xx.o

.debug_loc      0x0000000000000000     0x63c1
 .debug_loc     0x0000000000000000      0x11b Drivers/STM32F4xx_HAL_Driver/Src/stm32f4xx_hal.o
 .debug_loc     0x000000000000011b      0x4fb Drivers/STM32F4xx_HAL_Driver/Src/stm32f4xx_hal_cortex.o
 .debug_loc     0x0000000000000616      0x36d Drivers/STM32F4xx_HAL_Driver/Src/stm32f4xx_hal_gpio.o
 .debug_loc     0x0000000000000983      0x336 Drivers/STM32F4xx_HAL_Driver/Src/stm32f4xx_hal_rcc.o
 .debug_loc     0x0000000000000cb9     0x1830 Drivers/STM32F4xx_HAL_Driver/Src/stm32f4xx_hal_spi.o
 .debug_loc     0x00000000000024e9     0x3009 Drivers/STM32F4xx_HAL_Driver/Src/stm32f4xx_hal_tim.o
 .debug_loc     0x00000000000054f2      0xa7c Drivers/STM32F4xx_HAL_Driver/Src/stm32f4xx_hal_tim_ex.o
 .debug_loc     0x0000000000005f6e       0x14 Src/main.o
 .debug_loc     0x0000000000005f82      0x2cb Src/spi.o
 .debug_loc     0x000000000000624d      0x11c Src/system_stm32f4xx.o
 .debug_loc     0x0000000000006369       0x58 Src/tim.o

.debug_aranges  0x0000000000000000      0x8f8
 .debug_aranges
                0x0000000000000000       0xe8 Drivers/STM32F4xx_HAL_Driver/Src/stm32f4xx_hal.o
 .debug_aranges
                0x00000000000000e8       0xa8 Drivers/STM32F4xx_HAL_Driver/Src/stm32f4xx_hal_cortex.o
 .debug_aranges
                0x0000000000000190       0x58 Drivers/STM32F4xx_HAL_Driver/Src/stm32f4xx_hal_gpio.o
 .debug_aranges
                0x00000000000001e8       0x88 Drivers/STM32F4xx_HAL_Driver/Src/stm32f4xx_hal_rcc.o
 .debug_aranges
                0x0000000000000270      0x188 Drivers/STM32F4xx_HAL_Driver/Src/stm32f4xx_hal_spi.o
 .debug_aranges
                0x00000000000003f8      0x278 Drivers/STM32F4xx_HAL_Driver/Src/stm32f4xx_hal_tim.o
 .debug_aranges
                0x0000000000000670       0xf8 Drivers/STM32F4xx_HAL_Driver/Src/stm32f4xx_hal_tim_ex.o
 .debug_aranges
                0x0000000000000768       0x20 Src/gpio.o
 .debug_aranges
                0x0000000000000788       0x30 Src/main.o
 .debug_aranges
                0x00000000000007b8       0x58 Src/spi.o
 .debug_aranges
                0x0000000000000810       0x20 Src/stm32f4xx_hal_msp.o
 .debug_aranges
                0x0000000000000830       0x48 Src/stm32f4xx_it.o
 .debug_aranges
                0x0000000000000878       0x28 Src/system_stm32f4xx.o
 .debug_aranges
                0x00000000000008a0       0x30 Src/tim.o
 .debug_aranges
                0x00000000000008d0       0x28 startup/startup_stm32f407xx.o

.debug_ranges   0x0000000000000000      0xb38
 .debug_ranges  0x0000000000000000       0xd8 Drivers/STM32F4xx_HAL_Driver/Src/stm32f4xx_hal.o
 .debug_ranges  0x00000000000000d8      0x128 Drivers/STM32F4xx_HAL_Driver/Src/stm32f4xx_hal_cortex.o
 .debug_ranges  0x0000000000000200       0x68 Drivers/STM32F4xx_HAL_Driver/Src/stm32f4xx_hal_gpio.o
 .debug_ranges  0x0000000000000268       0xb0 Drivers/STM32F4xx_HAL_Driver/Src/stm32f4xx_hal_rcc.o
 .debug_ranges  0x0000000000000318      0x238 Drivers/STM32F4xx_HAL_Driver/Src/stm32f4xx_hal_spi.o
 .debug_ranges  0x0000000000000550      0x340 Drivers/STM32F4xx_HAL_Driver/Src/stm32f4xx_hal_tim.o
 .debug_ranges  0x0000000000000890       0xe8 Drivers/STM32F4xx_HAL_Driver/Src/stm32f4xx_hal_tim_ex.o
 .debug_ranges  0x0000000000000978       0x40 Src/gpio.o
 .debug_ranges  0x00000000000009b8       0x50 Src/main.o
 .debug_ranges  0x0000000000000a08       0x78 Src/spi.o
 .debug_ranges  0x0000000000000a80       0x10 Src/stm32f4xx_hal_msp.o
 .debug_ranges  0x0000000000000a90       0x38 Src/stm32f4xx_it.o
 .debug_ranges  0x0000000000000ac8       0x18 Src/system_stm32f4xx.o
 .debug_ranges  0x0000000000000ae0       0x38 Src/tim.o
 .debug_ranges  0x0000000000000b18       0x20 startup/startup_stm32f407xx.o

.debug_line     0x0000000000000000     0x456f
 .debug_line    0x0000000000000000      0x405 Drivers/STM32F4xx_HAL_Driver/Src/stm32f4xx_hal.o
 .debug_line    0x0000000000000405      0x440 Drivers/STM32F4xx_HAL_Driver/Src/stm32f4xx_hal_cortex.o
 .debug_line    0x0000000000000845      0x3ce Drivers/STM32F4xx_HAL_Driver/Src/stm32f4xx_hal_gpio.o
 .debug_line    0x0000000000000c13      0x4de Drivers/STM32F4xx_HAL_Driver/Src/stm32f4xx_hal_rcc.o
 .debug_line    0x00000000000010f1      0xb65 Drivers/STM32F4xx_HAL_Driver/Src/stm32f4xx_hal_spi.o
 .debug_line    0x0000000000001c56     0x116d Drivers/STM32F4xx_HAL_Driver/Src/stm32f4xx_hal_tim.o
 .debug_line    0x0000000000002dc3      0x667 Drivers/STM32F4xx_HAL_Driver/Src/stm32f4xx_hal_tim_ex.o
 .debug_line    0x000000000000342a      0x1f3 Src/gpio.o
 .debug_line    0x000000000000361d      0x2d1 Src/main.o
 .debug_line    0x00000000000038ee      0x40e Src/spi.o
 .debug_line    0x0000000000003cfc      0x198 Src/stm32f4xx_hal_msp.o
 .debug_line    0x0000000000003e94      0x207 Src/stm32f4xx_it.o
 .debug_line    0x000000000000409b      0x1c8 Src/system_stm32f4xx.o
 .debug_line    0x0000000000004263      0x28d Src/tim.o
 .debug_line    0x00000000000044f0       0x7f startup/startup_stm32f407xx.o

.debug_str      0x0000000000000000     0x3595
 .debug_str     0x0000000000000000      0xb48 Drivers/STM32F4xx_HAL_Driver/Src/stm32f4xx_hal.o
                                        0xbb1 (size before relaxing)
 .debug_str     0x0000000000000b48      0x4a8 Drivers/STM32F4xx_HAL_Driver/Src/stm32f4xx_hal_cortex.o
                                        0xc7c (size before relaxing)
 .debug_str     0x0000000000000ff0      0x1de Drivers/STM32F4xx_HAL_Driver/Src/stm32f4xx_hal_gpio.o
                                        0x542 (size before relaxing)
 .debug_str     0x00000000000011ce      0x2e9 Drivers/STM32F4xx_HAL_Driver/Src/stm32f4xx_hal_rcc.o
                                        0x715 (size before relaxing)
 .debug_str     0x00000000000014b7      0x94c Drivers/STM32F4xx_HAL_Driver/Src/stm32f4xx_hal_spi.o
                                        0xc2b (size before relaxing)
 .debug_str     0x0000000000001e03      0xff0 Drivers/STM32F4xx_HAL_Driver/Src/stm32f4xx_hal_tim.o
                                       0x151f (size before relaxing)
 .debug_str     0x0000000000002df3      0x548 Drivers/STM32F4xx_HAL_Driver/Src/stm32f4xx_hal_tim_ex.o
                                        0xd37 (size before relaxing)
 .debug_str     0x000000000000333b       0x22 Src/gpio.o
                                        0x3e2 (size before relaxing)
 .debug_str     0x000000000000335d       0x81 Src/main.o
                                        0xb16 (size before relaxing)
 .debug_str     0x00000000000033de       0x95 Src/spi.o
                                        0x94f (size before relaxing)
 .debug_str     0x0000000000003473       0x1b Src/stm32f4xx_hal_msp.o
                                        0x32a (size before relaxing)
 .debug_str     0x000000000000348e       0xa6 Src/stm32f4xx_it.o
                                        0x2b2 (size before relaxing)
 .debug_str     0x0000000000003534       0x45 Src/system_stm32f4xx.o
                                        0x3a6 (size before relaxing)
 .debug_str     0x0000000000003579       0x1c Src/tim.o
                                        0x959 (size before relaxing)

.comment        0x0000000000000000       0x7c
 .comment       0x0000000000000000       0x7c Drivers/STM32F4xx_HAL_Driver/Src/stm32f4xx_hal.o
                                         0x7d (size before relaxing)
 .comment       0x000000000000007c       0x7d Drivers/STM32F4xx_HAL_Driver/Src/stm32f4xx_hal_cortex.o
 .comment       0x000000000000007c       0x7d Drivers/STM32F4xx_HAL_Driver/Src/stm32f4xx_hal_gpio.o
 .comment       0x000000000000007c       0x7d Drivers/STM32F4xx_HAL_Driver/Src/stm32f4xx_hal_rcc.o
 .comment       0x000000000000007c       0x7d Drivers/STM32F4xx_HAL_Driver/Src/stm32f4xx_hal_spi.o
 .comment       0x000000000000007c       0x7d Drivers/STM32F4xx_HAL_Driver/Src/stm32f4xx_hal_tim.o
 .comment       0x000000000000007c       0x7d Drivers/STM32F4xx_HAL_Driver/Src/stm32f4xx_hal_tim_ex.o
 .comment       0x000000000000007c       0x7d Src/gpio.o
 .comment       0x000000000000007c       0x7d Src/main.o
 .comment       0x000000000000007c       0x7d Src/spi.o
 .comment       0x000000000000007c       0x7d Src/stm32f4xx_hal_msp.o
 .comment       0x000000000000007c       0x7d Src/stm32f4xx_it.o
 .comment       0x000000000000007c       0x7d Src/system_stm32f4xx.o
 .comment       0x000000000000007c       0x7d Src/tim.o

.debug_frame    0x0000000000000000     0x1b08
 .debug_frame   0x0000000000000000      0x1f0 Drivers/STM32F4xx_HAL_Driver/Src/stm32f4xx_hal.o
 .debug_frame   0x00000000000001f0      0x158 Drivers/STM32F4xx_HAL_Driver/Src/stm32f4xx_hal_cortex.o
 .debug_frame   0x0000000000000348       0xd8 Drivers/STM32F4xx_HAL_Driver/Src/stm32f4xx_hal_gpio.o
 .debug_frame   0x0000000000000420      0x13c Drivers/STM32F4xx_HAL_Driver/Src/stm32f4xx_hal_rcc.o
 .debug_frame   0x000000000000055c      0x574 Drivers/STM32F4xx_HAL_Driver/Src/stm32f4xx_hal_spi.o
 .debug_frame   0x0000000000000ad0      0x928 Drivers/STM32F4xx_HAL_Driver/Src/stm32f4xx_hal_tim.o
 .debug_frame   0x00000000000013f8      0x360 Drivers/STM32F4xx_HAL_Driver/Src/stm32f4xx_hal_tim_ex.o
 .debug_frame   0x0000000000001758       0x38 Src/gpio.o
 .debug_frame   0x0000000000001790       0x5c Src/main.o
 .debug_frame   0x00000000000017ec      0x110 Src/spi.o
 .debug_frame   0x00000000000018fc       0x28 Src/stm32f4xx_hal_msp.o
 .debug_frame   0x0000000000001924       0xa0 Src/stm32f4xx_it.o
 .debug_frame   0x00000000000019c4       0x38 Src/system_stm32f4xx.o
 .debug_frame   0x00000000000019fc       0x60 Src/tim.o
 .debug_frame   0x0000000000001a5c       0x2c /opt/Atollic_TrueSTUDIO_for_STM32_x86_64_9.3.0/ARMTools/bin/../lib/gcc/arm-atollic-eabi/6.3.1/../../../../arm-atollic-eabi/lib/armv7e-m/fpu/libc_nano.a(lib_a-init.o)
 .debug_frame   0x0000000000001a88       0x20 /opt/Atollic_TrueSTUDIO_for_STM32_x86_64_9.3.0/ARMTools/bin/../lib/gcc/arm-atollic-eabi/6.3.1/../../../../arm-atollic-eabi/lib/armv7e-m/fpu/libc_nano.a(lib_a-memset.o)
 .debug_frame   0x0000000000001aa8       0x2c /opt/Atollic_TrueSTUDIO_for_STM32_x86_64_9.3.0/ARMTools/bin/../lib/gcc/arm-atollic-eabi/6.3.1/armv7e-m/fpu/libgcc.a(_aeabi_uldivmod.o)
 .debug_frame   0x0000000000001ad4       0x34 /opt/Atollic_TrueSTUDIO_for_STM32_x86_64_9.3.0/ARMTools/bin/../lib/gcc/arm-atollic-eabi/6.3.1/armv7e-m/fpu/libgcc.a(_udivmoddi4.o)
